<?xml version="1.0" encoding="utf-8"?>
<ImportLog>
	<RowImport>
		<Status>Ok</Status>
		<Type>c88fffcd-b6f8-0000-8fec-00b5497e2117</Type>
		<TypeName>Module</TypeName>
		<Name>GeneXus.Common.UI</Name>
		<Errors />
		<Warnings />
		<Info />
	</RowImport>
	<RowImport>
		<Status>Ok</Status>
		<Type>c88fffcd-b6f8-0000-8fec-00b5497e2117</Type>
		<TypeName>Module</TypeName>
		<Name>GeneXus.Common.Notifications</Name>
		<Errors />
		<Warnings />
		<Info />
	</RowImport>
	<RowImport>
		<Status>Ok</Status>
		<Type>c88fffcd-b6f8-0000-8fec-00b5497e2117</Type>
		<TypeName>Module</TypeName>
		<Name>GeneXus.Common.Configuration</Name>
		<Errors />
		<Warnings />
		<Info />
	</RowImport>
	<RowImport>
		<Status>Ok</Status>
		<Type>c88fffcd-b6f8-0000-8fec-00b5497e2117</Type>
		<TypeName>Module</TypeName>
		<Name>GeneXus.Common</Name>
		<Errors />
		<Warnings />
		<Info />
	</RowImport>
	<RowImport>
		<Status>Ok</Status>
		<Type>c88fffcd-b6f8-0000-8fec-00b5497e2117</Type>
		<TypeName>Module</TypeName>
		<Name>GeneXus.Client</Name>
		<Errors />
		<Warnings />
		<Info />
	</RowImport>
	<RowImport>
		<Status>Ok</Status>
		<Type>c88fffcd-b6f8-0000-8fec-00b5497e2117</Type>
		<TypeName>Module</TypeName>
		<Name>GeneXus.Social</Name>
		<Errors />
		<Warnings />
		<Info />
	</RowImport>
	<RowImport>
		<Status>Ok</Status>
		<Type>c88fffcd-b6f8-0000-8fec-00b5497e2117</Type>
		<TypeName>Module</TypeName>
		<Name>GeneXus.Server</Name>
		<Errors />
		<Warnings />
		<Info />
	</RowImport>
	<RowImport>
		<Status>Ok</Status>
		<Type>c88fffcd-b6f8-0000-8fec-00b5497e2117</Type>
		<TypeName>Module</TypeName>
		<Name>GeneXus.SD.Synchronization</Name>
		<Errors />
		<Warnings />
		<Info />
	</RowImport>
	<RowImport>
		<Status>Ok</Status>
		<Type>c88fffcd-b6f8-0000-8fec-00b5497e2117</Type>
		<TypeName>Module</TypeName>
		<Name>GeneXus.SD.iOS</Name>
		<Errors />
		<Warnings />
		<Info />
	</RowImport>
	<RowImport>
		<Status>Ok</Status>
		<Type>c88fffcd-b6f8-0000-8fec-00b5497e2117</Type>
		<TypeName>Module</TypeName>
		<Name>GeneXus.SD.Store</Name>
		<Errors />
		<Warnings />
		<Info />
	</RowImport>
	<RowImport>
		<Status>Ok</Status>
		<Type>c88fffcd-b6f8-0000-8fec-00b5497e2117</Type>
		<TypeName>Module</TypeName>
		<Name>GeneXus.SD.Notifications</Name>
		<Errors />
		<Warnings />
		<Info />
	</RowImport>
	<RowImport>
		<Status>Ok</Status>
		<Type>c88fffcd-b6f8-0000-8fec-00b5497e2117</Type>
		<TypeName>Module</TypeName>
		<Name>GeneXus.SD.Media</Name>
		<Errors />
		<Warnings />
		<Info />
	</RowImport>
	<RowImport>
		<Status>Ok</Status>
		<Type>c88fffcd-b6f8-0000-8fec-00b5497e2117</Type>
		<TypeName>Module</TypeName>
		<Name>GeneXus.SD.Offline</Name>
		<Errors />
		<Warnings />
		<Info />
	</RowImport>
	<RowImport>
		<Status>Ok</Status>
		<Type>c88fffcd-b6f8-0000-8fec-00b5497e2117</Type>
		<TypeName>Module</TypeName>
		<Name>GeneXus.SD</Name>
		<Errors />
		<Warnings />
		<Info />
	</RowImport>
	<RowImport>
		<Status>Ok</Status>
		<Type>c88fffcd-b6f8-0000-8fec-00b5497e2117</Type>
		<TypeName>Module</TypeName>
		<Name>GeneXus.OAuth.v2</Name>
		<Errors />
		<Warnings />
		<Info />
	</RowImport>
	<RowImport>
		<Status>Ok</Status>
		<Type>c88fffcd-b6f8-0000-8fec-00b5497e2117</Type>
		<TypeName>Module</TypeName>
		<Name>GeneXus.OAuth</Name>
		<Errors />
		<Warnings />
		<Info />
	</RowImport>
	<RowImport>
		<Status>Ok</Status>
		<Type>00000000-0000-0000-0000-000000000008</Type>
		<TypeName>Folder</TypeName>
		<Name>GeneXus.Common.Deprecated</Name>
		<Errors />
		<Warnings />
		<Info />
	</RowImport>
	<RowImport>
		<Status>Ok</Status>
		<Type>00000000-0000-0000-0000-000000000008</Type>
		<TypeName>Folder</TypeName>
		<Name>GeneXus.Common.GoogleDirections</Name>
		<Errors />
		<Warnings />
		<Info />
	</RowImport>
	<RowImport>
		<Status>Ok</Status>
		<Type>00000000-0000-0000-0000-000000000008</Type>
		<TypeName>Folder</TypeName>
		<Name>GeneXus.Common.DirectionsServices</Name>
		<Errors />
		<Warnings />
		<Info />
	</RowImport>
	<RowImport>
		<Status>Ok</Status>
		<Type>00000000-0000-0000-0000-000000000008</Type>
		<TypeName>Folder</TypeName>
		<Name>GeneXus.SD.Store.Purchases</Name>
		<Errors />
		<Warnings />
		<Info />
	</RowImport>
	<RowImport>
		<Status>Ok</Status>
		<Type>00000000-0000-0000-0000-000000000008</Type>
		<TypeName>Folder</TypeName>
		<Name>GeneXus.OAuth.v2.SDTs</Name>
		<Errors />
		<Warnings />
		<Info />
	</RowImport>
	<RowImport>
		<Status>Ok</Status>
		<Type>00972a17-9975-449e-aab1-d26165d51393</Type>
		<TypeName>Domain</TypeName>
		<Name>GeneXus.Common.Notifications.FilterRelationType</Name>
		<Errors />
		<Warnings />
		<Info />
	</RowImport>
	<RowImport>
		<Status>Ok</Status>
		<Type>00972a17-9975-449e-aab1-d26165d51393</Type>
		<TypeName>Domain</TypeName>
		<Name>GeneXus.Common.Notifications.FilterOperation</Name>
		<Errors />
		<Warnings />
		<Info />
	</RowImport>
	<RowImport>
		<Status>Ok</Status>
		<Type>00972a17-9975-449e-aab1-d26165d51393</Type>
		<TypeName>Domain</TypeName>
		<Name>GeneXus.Common.Notifications.TargetType</Name>
		<Errors />
		<Warnings />
		<Info />
	</RowImport>
	<RowImport>
		<Status>Ok</Status>
		<Type>00972a17-9975-449e-aab1-d26165d51393</Type>
		<TypeName>Domain</TypeName>
		<Name>GeneXus.Common.Notifications.NotificationBadgeType</Name>
		<Errors />
		<Warnings />
		<Info />
	</RowImport>
	<RowImport>
		<Status>Ok</Status>
		<Type>00972a17-9975-449e-aab1-d26165d51393</Type>
		<TypeName>Domain</TypeName>
		<Name>GeneXus.Common.Configuration.StorageProviderType</Name>
		<Errors />
		<Warnings />
		<Info />
	</RowImport>
	<RowImport>
		<Status>Ok</Status>
		<Type>00972a17-9975-449e-aab1-d26165d51393</Type>
		<TypeName>Domain</TypeName>
		<Name>GeneXus.Common.RuntimeEnvironment</Name>
		<Errors />
		<Warnings />
		<Info />
	</RowImport>
	<RowImport>
		<Status>Ok</Status>
		<Type>00972a17-9975-449e-aab1-d26165d51393</Type>
		<TypeName>Domain</TypeName>
		<Name>GeneXus.Common.MapType</Name>
		<Errors />
		<Warnings />
		<Info />
	</RowImport>
	<RowImport>
		<Status>Ok</Status>
		<Type>00972a17-9975-449e-aab1-d26165d51393</Type>
		<TypeName>Domain</TypeName>
		<Name>GeneXus.Common.LogLevel</Name>
		<Errors />
		<Warnings />
		<Info />
	</RowImport>
	<RowImport>
		<Status>Ok</Status>
		<Type>00972a17-9975-449e-aab1-d26165d51393</Type>
		<TypeName>Domain</TypeName>
		<Name>GeneXus.Common.TransportType</Name>
		<Errors />
		<Warnings />
		<Info />
	</RowImport>
	<RowImport>
		<Status>Ok</Status>
		<Type>00972a17-9975-449e-aab1-d26165d51393</Type>
		<TypeName>Domain</TypeName>
		<Name>GeneXus.Common.DirectionsServiceProviders</Name>
		<Errors />
		<Warnings />
		<Info />
	</RowImport>
	<RowImport>
		<Status>Ok</Status>
		<Type>00972a17-9975-449e-aab1-d26165d51393</Type>
		<TypeName>Domain</TypeName>
		<Name>GeneXus.Common.ColorScheme</Name>
		<Errors />
		<Warnings />
		<Info />
	</RowImport>
	<RowImport>
		<Status>Ok</Status>
		<Type>00972a17-9975-449e-aab1-d26165d51393</Type>
		<TypeName>Domain</TypeName>
		<Name>GeneXus.Common.DynamicCallOption</Name>
		<Errors />
		<Warnings />
		<Info />
	</RowImport>
	<RowImport>
		<Status>Ok</Status>
		<Type>00972a17-9975-449e-aab1-d26165d51393</Type>
		<TypeName>Domain</TypeName>
		<Name>GeneXus.Common.LocationAccuracyAuthorization</Name>
		<Errors />
		<Warnings />
		<Info />
	</RowImport>
	<RowImport>
		<Status>Ok</Status>
		<Type>00972a17-9975-449e-aab1-d26165d51393</Type>
		<TypeName>Domain</TypeName>
		<Name>GeneXus.Common.LocationAccuracy</Name>
		<Errors />
		<Warnings />
		<Info />
	</RowImport>
	<RowImport>
		<Status>Ok</Status>
		<Type>00972a17-9975-449e-aab1-d26165d51393</Type>
		<TypeName>Domain</TypeName>
		<Name>GeneXus.Client.SocketStatus</Name>
		<Errors />
		<Warnings />
		<Info />
	</RowImport>
	<RowImport>
		<Status>Ok</Status>
		<Type>00972a17-9975-449e-aab1-d26165d51393</Type>
		<TypeName>Domain</TypeName>
		<Name>GeneXus.SD.Store.StorePurchaseState</Name>
		<Errors />
		<Warnings />
		<Info />
	</RowImport>
	<RowImport>
		<Status>Ok</Status>
		<Type>00972a17-9975-449e-aab1-d26165d51393</Type>
		<TypeName>Domain</TypeName>
		<Name>GeneXus.SD.Store.StorePurchasePlatform</Name>
		<Errors />
		<Warnings />
		<Info />
	</RowImport>
	<RowImport>
		<Status>Ok</Status>
		<Type>00972a17-9975-449e-aab1-d26165d51393</Type>
		<TypeName>Domain</TypeName>
		<Name>GeneXus.SD.Store.StoreProductType</Name>
		<Errors />
		<Warnings />
		<Info />
	</RowImport>
	<RowImport>
		<Status>Ok</Status>
		<Type>00972a17-9975-449e-aab1-d26165d51393</Type>
		<TypeName>Domain</TypeName>
		<Name>GeneXus.SD.Store.StorePurchaseStatus</Name>
		<Errors />
		<Warnings />
		<Info />
	</RowImport>
	<RowImport>
		<Status>Ok</Status>
		<Type>00972a17-9975-449e-aab1-d26165d51393</Type>
		<TypeName>Domain</TypeName>
		<Name>GeneXus.SD.Media.MediaMetadataKey</Name>
		<Errors />
		<Warnings />
		<Info />
	</RowImport>
	<RowImport>
		<Status>Ok</Status>
		<Type>00972a17-9975-449e-aab1-d26165d51393</Type>
		<TypeName>Domain</TypeName>
		<Name>GeneXus.SD.Media.MediaStreamType</Name>
		<Errors />
		<Warnings />
		<Info />
	</RowImport>
	<RowImport>
		<Status>Ok</Status>
		<Type>00972a17-9975-449e-aab1-d26165d51393</Type>
		<TypeName>Domain</TypeName>
		<Name>GeneXus.SD.Media.VideoFormat</Name>
		<Errors />
		<Warnings />
		<Info />
	</RowImport>
	<RowImport>
		<Status>Ok</Status>
		<Type>00972a17-9975-449e-aab1-d26165d51393</Type>
		<TypeName>Domain</TypeName>
		<Name>GeneXus.SD.Media.DeviceFolder</Name>
		<Errors />
		<Warnings />
		<Info />
	</RowImport>
	<RowImport>
		<Status>Ok</Status>
		<Type>00972a17-9975-449e-aab1-d26165d51393</Type>
		<TypeName>Domain</TypeName>
		<Name>GeneXus.SD.Media.SaveMode</Name>
		<Errors />
		<Warnings />
		<Info />
	</RowImport>
	<RowImport>
		<Status>Ok</Status>
		<Type>00972a17-9975-449e-aab1-d26165d51393</Type>
		<TypeName>Domain</TypeName>
		<Name>GeneXus.SD.Offline.ResultCode</Name>
		<Errors />
		<Warnings />
		<Info />
	</RowImport>
	<RowImport>
		<Status>Ok</Status>
		<Type>00972a17-9975-449e-aab1-d26165d51393</Type>
		<TypeName>Domain</TypeName>
		<Name>GeneXus.SD.DeviceAuthenticationPolicy</Name>
		<Errors />
		<Warnings />
		<Info />
	</RowImport>
	<RowImport>
		<Status>Ok</Status>
		<Type>00972a17-9975-449e-aab1-d26165d51393</Type>
		<TypeName>Domain</TypeName>
		<Name>GeneXus.SD.CardDetectionMode</Name>
		<Errors />
		<Warnings />
		<Info />
	</RowImport>
	<RowImport>
		<Status>Ok</Status>
		<Type>00972a17-9975-449e-aab1-d26165d51393</Type>
		<TypeName>Domain</TypeName>
		<Name>GeneXus.SD.CreditCardType</Name>
		<Errors />
		<Warnings />
		<Info />
	</RowImport>
	<RowImport>
		<Status>Ok</Status>
		<Type>00972a17-9975-449e-aab1-d26165d51393</Type>
		<TypeName>Domain</TypeName>
		<Name>GeneXus.SD.RegionStatus</Name>
		<Errors />
		<Warnings />
		<Info />
	</RowImport>
	<RowImport>
		<Status>Ok</Status>
		<Type>00972a17-9975-449e-aab1-d26165d51393</Type>
		<TypeName>Domain</TypeName>
		<Name>GeneXus.SD.FetchStatus</Name>
		<Errors />
		<Warnings />
		<Info />
	</RowImport>
	<RowImport>
		<Status>Ok</Status>
		<Type>00972a17-9975-449e-aab1-d26165d51393</Type>
		<TypeName>Domain</TypeName>
		<Name>GeneXus.SD.OneTimeCode</Name>
		<Errors />
		<Warnings />
		<Info />
	</RowImport>
	<RowImport>
		<Status>Ok</Status>
		<Type>00972a17-9975-449e-aab1-d26165d51393</Type>
		<TypeName>Domain</TypeName>
		<Name>GeneXus.OAuth.v2.AccessTokenProvider</Name>
		<Errors />
		<Warnings />
		<Info />
	</RowImport>
	<RowImport>
		<Status>Ok</Status>
		<Type>00972a17-9975-449e-aab1-d26165d51393</Type>
		<TypeName>Domain</TypeName>
		<Name>GeneXus.Url</Name>
		<Errors />
		<Warnings />
		<Info />
	</RowImport>
	<RowImport>
		<Status>Ok</Status>
		<Type>00972a17-9975-449e-aab1-d26165d51393</Type>
		<TypeName>Domain</TypeName>
		<Name>GeneXus.IMEMode</Name>
		<Errors />
		<Warnings />
		<Info />
	</RowImport>
	<RowImport>
		<Status>Ok</Status>
		<Type>00972a17-9975-449e-aab1-d26165d51393</Type>
		<TypeName>Domain</TypeName>
		<Name>GeneXus.Time</Name>
		<Errors />
		<Warnings />
		<Info />
	</RowImport>
	<RowImport>
		<Status>Ok</Status>
		<Type>00972a17-9975-449e-aab1-d26165d51393</Type>
		<TypeName>Domain</TypeName>
		<Name>GeneXus.Encoding</Name>
		<Errors />
		<Warnings />
		<Info />
	</RowImport>
	<RowImport>
		<Status>Ok</Status>
		<Type>00972a17-9975-449e-aab1-d26165d51393</Type>
		<TypeName>Domain</TypeName>
		<Name>GeneXus.Timezones</Name>
		<Errors />
		<Warnings />
		<Info />
	</RowImport>
	<RowImport>
		<Status>Ok</Status>
		<Type>00972a17-9975-449e-aab1-d26165d51393</Type>
		<TypeName>Domain</TypeName>
		<Name>GeneXus.Effect</Name>
		<Errors />
		<Warnings />
		<Info />
	</RowImport>
	<RowImport>
		<Status>Ok</Status>
		<Type>00972a17-9975-449e-aab1-d26165d51393</Type>
		<TypeName>Domain</TypeName>
		<Name>GeneXus.CallType</Name>
		<Errors />
		<Warnings />
		<Info />
	</RowImport>
	<RowImport>
		<Status>Ok</Status>
		<Type>00972a17-9975-449e-aab1-d26165d51393</Type>
		<TypeName>Domain</TypeName>
		<Name>GeneXus.CryptoEncryptAlgorithm</Name>
		<Errors />
		<Warnings />
		<Info />
	</RowImport>
	<RowImport>
		<Status>Ok</Status>
		<Type>00972a17-9975-449e-aab1-d26165d51393</Type>
		<TypeName>Domain</TypeName>
		<Name>GeneXus.CryptoHashAlgorithm</Name>
		<Errors />
		<Warnings />
		<Info />
	</RowImport>
	<RowImport>
		<Status>Ok</Status>
		<Type>00972a17-9975-449e-aab1-d26165d51393</Type>
		<TypeName>Domain</TypeName>
		<Name>GeneXus.CryptoSignAlgorithm</Name>
		<Errors />
		<Warnings />
		<Info />
	</RowImport>
	<RowImport>
		<Status>Ok</Status>
		<Type>00972a17-9975-449e-aab1-d26165d51393</Type>
		<TypeName>Domain</TypeName>
		<Name>GeneXus.TrnMode</Name>
		<Errors />
		<Warnings />
		<Info />
	</RowImport>
	<RowImport>
		<Status>Ok</Status>
		<Type>00972a17-9975-449e-aab1-d26165d51393</Type>
		<TypeName>Domain</TypeName>
		<Name>GeneXus.Address</Name>
		<Errors />
		<Warnings />
		<Info />
	</RowImport>
	<RowImport>
		<Status>Ok</Status>
		<Type>00972a17-9975-449e-aab1-d26165d51393</Type>
		<TypeName>Domain</TypeName>
		<Name>GeneXus.Component</Name>
		<Errors />
		<Warnings />
		<Info />
	</RowImport>
	<RowImport>
		<Status>Ok</Status>
		<Type>00972a17-9975-449e-aab1-d26165d51393</Type>
		<TypeName>Domain</TypeName>
		<Name>GeneXus.Email</Name>
		<Errors />
		<Warnings />
		<Info />
	</RowImport>
	<RowImport>
		<Status>Ok</Status>
		<Type>00972a17-9975-449e-aab1-d26165d51393</Type>
		<TypeName>Domain</TypeName>
		<Name>GeneXus.Geolocation</Name>
		<Errors />
		<Warnings />
		<Info />
	</RowImport>
	<RowImport>
		<Status>Ok</Status>
		<Type>00972a17-9975-449e-aab1-d26165d51393</Type>
		<TypeName>Domain</TypeName>
		<Name>GeneXus.Html</Name>
		<Errors />
		<Warnings />
		<Info />
	</RowImport>
	<RowImport>
		<Status>Ok</Status>
		<Type>00972a17-9975-449e-aab1-d26165d51393</Type>
		<TypeName>Domain</TypeName>
		<Name>GeneXus.Phone</Name>
		<Errors />
		<Warnings />
		<Info />
	</RowImport>
	<RowImport>
		<Status>Ok</Status>
		<Type>00972a17-9975-449e-aab1-d26165d51393</Type>
		<TypeName>Domain</TypeName>
		<Name>GeneXus.APIAuthorizationStatus</Name>
		<Errors />
		<Warnings />
		<Info />
	</RowImport>
	<RowImport>
		<Status>Ok</Status>
		<Type>00972a17-9975-449e-aab1-d26165d51393</Type>
		<TypeName>Domain</TypeName>
		<Name>GeneXus.MessageTypes</Name>
		<Errors />
		<Warnings />
		<Info />
	</RowImport>
	<RowImport>
		<Status>Ok</Status>
		<Type>00972a17-9975-449e-aab1-d26165d51393</Type>
		<TypeName>Domain</TypeName>
		<Name>GeneXus.ProgressIndicatorType</Name>
		<Errors />
		<Warnings />
		<Info />
	</RowImport>
	<RowImport>
		<Status>Ok</Status>
		<Type>00972a17-9975-449e-aab1-d26165d51393</Type>
		<TypeName>Domain</TypeName>
		<Name>GeneXus.RecentLinksOptions</Name>
		<Errors />
		<Warnings />
		<Info />
	</RowImport>
	<RowImport>
		<Status>Ok</Status>
		<Type>00972a17-9975-449e-aab1-d26165d51393</Type>
		<TypeName>Domain</TypeName>
		<Name>GeneXus.ObjectName</Name>
		<Errors />
		<Warnings />
		<Info />
	</RowImport>
	<RowImport>
		<Status>Ok</Status>
		<Type>00972a17-9975-449e-aab1-d26165d51393</Type>
		<TypeName>Domain</TypeName>
		<Name>GeneXus.CallTargetSize</Name>
		<Errors />
		<Warnings />
		<Info />
	</RowImport>
	<RowImport>
		<Status>Ok</Status>
		<Type>00972a17-9975-449e-aab1-d26165d51393</Type>
		<TypeName>Domain</TypeName>
		<Name>GeneXus.EventExecution</Name>
		<Errors />
		<Warnings />
		<Info />
	</RowImport>
	<RowImport>
		<Status>Ok</Status>
		<Type>00972a17-9975-449e-aab1-d26165d51393</Type>
		<TypeName>Domain</TypeName>
		<Name>GeneXus.PushNotificationPriority</Name>
		<Errors />
		<Warnings />
		<Info />
	</RowImport>
	<RowImport>
		<Status>Ok</Status>
		<Type>00972a17-9975-449e-aab1-d26165d51393</Type>
		<TypeName>Domain</TypeName>
		<Name>GeneXus.SmartDeviceType</Name>
		<Errors />
		<Warnings />
		<Info />
	</RowImport>
	<RowImport>
		<Status>Ok</Status>
		<Type>00972a17-9975-449e-aab1-d26165d51393</Type>
		<TypeName>Domain</TypeName>
		<Name>GeneXus.CameraAPIQuality</Name>
		<Errors />
		<Warnings />
		<Info />
	</RowImport>
	<RowImport>
		<Status>Ok</Status>
		<Type>00972a17-9975-449e-aab1-d26165d51393</Type>
		<TypeName>Domain</TypeName>
		<Name>GeneXus.AudioAPISessionType</Name>
		<Errors />
		<Warnings />
		<Info />
	</RowImport>
	<RowImport>
		<Status>Ok</Status>
		<Type>00972a17-9975-449e-aab1-d26165d51393</Type>
		<TypeName>Domain</TypeName>
		<Name>GeneXus.MediaDuration</Name>
		<Errors />
		<Warnings />
		<Info />
	</RowImport>
	<RowImport>
		<Status>Ok</Status>
		<Type>00972a17-9975-449e-aab1-d26165d51393</Type>
		<TypeName>Domain</TypeName>
		<Name>GeneXus.PlaybackState</Name>
		<Errors />
		<Warnings />
		<Info />
	</RowImport>
	<RowImport>
		<Status>Ok</Status>
		<Type>00972a17-9975-449e-aab1-d26165d51393</Type>
		<TypeName>Domain</TypeName>
		<Name>GeneXus.NetworkAPIConnectionType</Name>
		<Errors />
		<Warnings />
		<Info />
	</RowImport>
	<RowImport>
		<Status>Ok</Status>
		<Type>00972a17-9975-449e-aab1-d26165d51393</Type>
		<TypeName>Domain</TypeName>
		<Name>GeneXus.EventAction</Name>
		<Errors />
		<Warnings />
		<Info />
	</RowImport>
	<RowImport>
		<Status>Ok</Status>
		<Type>00972a17-9975-449e-aab1-d26165d51393</Type>
		<TypeName>Domain</TypeName>
		<Name>GeneXus.EventStatus</Name>
		<Errors />
		<Warnings />
		<Info />
	</RowImport>
	<RowImport>
		<Status>Ok</Status>
		<Type>00972a17-9975-449e-aab1-d26165d51393</Type>
		<TypeName>Domain</TypeName>
		<Name>GeneXus.EventData</Name>
		<Errors />
		<Warnings />
		<Info />
	</RowImport>
	<RowImport>
		<Status>Ok</Status>
		<Type>00972a17-9975-449e-aab1-d26165d51393</Type>
		<TypeName>Domain</TypeName>
		<Name>GeneXus.EventErrors</Name>
		<Errors />
		<Warnings />
		<Info />
	</RowImport>
	<RowImport>
		<Status>Ok</Status>
		<Type>00972a17-9975-449e-aab1-d26165d51393</Type>
		<TypeName>Domain</TypeName>
		<Name>GeneXus.ApplicationState</Name>
		<Errors />
		<Warnings />
		<Info />
	</RowImport>
	<RowImport>
		<Status>Ok</Status>
		<Type>00972a17-9975-449e-aab1-d26165d51393</Type>
		<TypeName>Domain</TypeName>
		<Name>GeneXus.SynchronizationReceiveResult</Name>
		<Errors />
		<Warnings />
		<Info />
	</RowImport>
	<RowImport>
		<Status>Ok</Status>
		<Type>00972a17-9975-449e-aab1-d26165d51393</Type>
		<TypeName>Domain</TypeName>
		<Name>GeneXus.RegionState</Name>
		<Errors />
		<Warnings />
		<Info />
	</RowImport>
	<RowImport>
		<Status>Ok</Status>
		<Type>00972a17-9975-449e-aab1-d26165d51393</Type>
		<TypeName>Domain</TypeName>
		<Name>GeneXus.BeaconProximity</Name>
		<Errors />
		<Warnings />
		<Info />
	</RowImport>
	<RowImport>
		<Status>Ok</Status>
		<Type>00972a17-9975-449e-aab1-d26165d51393</Type>
		<TypeName>Domain</TypeName>
		<Name>GeneXus.MediaFinishReason</Name>
		<Errors />
		<Warnings />
		<Info />
	</RowImport>
	<RowImport>
		<Status>Ok</Status>
		<Type>00972a17-9975-449e-aab1-d26165d51393</Type>
		<TypeName>Domain</TypeName>
		<Name>GeneXus.HttpMethod</Name>
		<Errors />
		<Warnings />
		<Info />
	</RowImport>
	<RowImport>
		<Status>Ok</Status>
		<Type>00972a17-9975-449e-aab1-d26165d51393</Type>
		<TypeName>Domain</TypeName>
		<Name>GeneXus.HttpAuthenticationType</Name>
		<Errors />
		<Warnings />
		<Info />
	</RowImport>
	<RowImport>
		<Status>Ok</Status>
		<Type>00972a17-9975-449e-aab1-d26165d51393</Type>
		<TypeName>Domain</TypeName>
		<Name>GeneXus.CommonCallTarget</Name>
		<Errors />
		<Warnings />
		<Info />
	</RowImport>
	<RowImport>
		<Status>Ok</Status>
		<Type>00972a17-9975-449e-aab1-d26165d51393</Type>
		<TypeName>Domain</TypeName>
		<Name>GeneXus.BarcodeType</Name>
		<Errors />
		<Warnings />
		<Info />
	</RowImport>
	<RowImport>
		<Status>Ok</Status>
		<Type>00972a17-9975-449e-aab1-d26165d51393</Type>
		<TypeName>Domain</TypeName>
		<Name>GeneXus.FlexDirection</Name>
		<Errors />
		<Warnings />
		<Info />
	</RowImport>
	<RowImport>
		<Status>Ok</Status>
		<Type>00972a17-9975-449e-aab1-d26165d51393</Type>
		<TypeName>Domain</TypeName>
		<Name>GeneXus.FlexWrap</Name>
		<Errors />
		<Warnings />
		<Info />
	</RowImport>
	<RowImport>
		<Status>Ok</Status>
		<Type>00972a17-9975-449e-aab1-d26165d51393</Type>
		<TypeName>Domain</TypeName>
		<Name>GeneXus.FlexJustifyContent</Name>
		<Errors />
		<Warnings />
		<Info />
	</RowImport>
	<RowImport>
		<Status>Ok</Status>
		<Type>00972a17-9975-449e-aab1-d26165d51393</Type>
		<TypeName>Domain</TypeName>
		<Name>GeneXus.FlexAlignItems</Name>
		<Errors />
		<Warnings />
		<Info />
	</RowImport>
	<RowImport>
		<Status>Ok</Status>
		<Type>00972a17-9975-449e-aab1-d26165d51393</Type>
		<TypeName>Domain</TypeName>
		<Name>GeneXus.FlexAlignContent</Name>
		<Errors />
		<Warnings />
		<Info />
	</RowImport>
	<RowImport>
		<Status>Ok</Status>
		<Type>00972a17-9975-449e-aab1-d26165d51393</Type>
		<TypeName>Domain</TypeName>
		<Name>GeneXus.CompareKind</Name>
		<Errors />
		<Warnings />
		<Info />
	</RowImport>
	<RowImport>
		<Status>Ok</Status>
		<Type>00972a17-9975-449e-aab1-d26165d51393</Type>
		<TypeName>Domain</TypeName>
		<Name>GeneXus.Rotation</Name>
		<Errors />
		<Warnings />
		<Info />
	</RowImport>
	<RowImport>
		<Status>Ok</Status>
		<Type>00972a17-9975-449e-aab1-d26165d51393</Type>
		<TypeName>Domain</TypeName>
		<Name>GeneXus.VerticalPosition</Name>
		<Errors />
		<Warnings />
		<Info />
	</RowImport>
	<RowImport>
		<Status>Ok</Status>
		<Type>00972a17-9975-449e-aab1-d26165d51393</Type>
		<TypeName>Domain</TypeName>
		<Name>GeneXus.HorizontalPosition</Name>
		<Errors />
		<Warnings />
		<Info />
	</RowImport>
	<RowImport>
		<Status>Ok</Status>
		<Type>00972a17-9975-449e-aab1-d26165d51393</Type>
		<TypeName>Domain</TypeName>
		<Name>GeneXus.Permission</Name>
		<Errors />
		<Warnings />
		<Info />
	</RowImport>
	<RowImport>
		<Status>Ok</Status>
		<Type>447527b5-9210-4523-898b-5dccb17be60a</Type>
		<TypeName>SDT</TypeName>
		<Name>GeneXus.Common.GeolocationInfo</Name>
		<Errors />
		<Warnings />
		<Info />
	</RowImport>
	<RowImport>
		<Status>Ok</Status>
		<Type>447527b5-9210-4523-898b-5dccb17be60a</Type>
		<TypeName>SDT</TypeName>
		<Name>GeneXus.Common.GeolocationProximityAlert</Name>
		<Errors />
		<Warnings />
		<Info />
	</RowImport>
	<RowImport>
		<Status>Ok</Status>
		<Type>447527b5-9210-4523-898b-5dccb17be60a</Type>
		<TypeName>SDT</TypeName>
		<Name>GeneXus.Common.GeolocationPickerParameters</Name>
		<Errors />
		<Warnings />
		<Info />
	</RowImport>
	<RowImport>
		<Status>Ok</Status>
		<Type>447527b5-9210-4523-898b-5dccb17be60a</Type>
		<TypeName>SDT</TypeName>
		<Name>GeneXus.Common.Route</Name>
		<Errors />
		<Warnings />
		<Info />
	</RowImport>
	<RowImport>
		<Status>Ok</Status>
		<Type>447527b5-9210-4523-898b-5dccb17be60a</Type>
		<TypeName>SDT</TypeName>
		<Name>GeneXus.Common.DirectionsRequestParameters</Name>
		<Errors />
		<Warnings />
		<Info />
	</RowImport>
	<RowImport>
		<Status>Ok</Status>
		<Type>447527b5-9210-4523-898b-5dccb17be60a</Type>
		<TypeName>SDT</TypeName>
		<Name>GeneXus.Common.Notifications.Event</Name>
		<Errors />
		<Warnings />
		<Info />
	</RowImport>
	<RowImport>
		<Status>Ok</Status>
		<Type>447527b5-9210-4523-898b-5dccb17be60a</Type>
		<TypeName>SDT</TypeName>
		<Name>GeneXus.Common.Notifications.Notification</Name>
		<Errors />
		<Warnings />
		<Info />
	</RowImport>
	<RowImport>
		<Status>Ok</Status>
		<Type>447527b5-9210-4523-898b-5dccb17be60a</Type>
		<TypeName>SDT</TypeName>
		<Name>GeneXus.Common.Notifications.LocalizedText</Name>
		<Errors />
		<Warnings />
		<Info />
	</RowImport>
	<RowImport>
		<Status>Ok</Status>
		<Type>447527b5-9210-4523-898b-5dccb17be60a</Type>
		<TypeName>SDT</TypeName>
		<Name>GeneXus.Common.Notifications.Target</Name>
		<Errors />
		<Warnings />
		<Info />
	</RowImport>
	<RowImport>
		<Status>Ok</Status>
		<Type>447527b5-9210-4523-898b-5dccb17be60a</Type>
		<TypeName>SDT</TypeName>
		<Name>GeneXus.Common.Notifications.Delivery</Name>
		<Errors />
		<Warnings />
		<Info />
	</RowImport>
	<RowImport>
		<Status>Ok</Status>
		<Type>447527b5-9210-4523-898b-5dccb17be60a</Type>
		<TypeName>SDT</TypeName>
		<Name>GeneXus.Common.Notifications.Configuration</Name>
		<Errors />
		<Warnings />
		<Info />
	</RowImport>
	<RowImport>
		<Status>Ok</Status>
		<Type>447527b5-9210-4523-898b-5dccb17be60a</Type>
		<TypeName>SDT</TypeName>
		<Name>GeneXus.Common.Notifications.ConfigurationProperty</Name>
		<Errors />
		<Warnings />
		<Info />
	</RowImport>
	<RowImport>
		<Status>Ok</Status>
		<Type>447527b5-9210-4523-898b-5dccb17be60a</Type>
		<TypeName>SDT</TypeName>
		<Name>GeneXus.Common.Messages</Name>
		<Errors />
		<Warnings />
		<Info />
	</RowImport>
	<RowImport>
		<Status>Ok</Status>
		<Type>447527b5-9210-4523-898b-5dccb17be60a</Type>
		<TypeName>SDT</TypeName>
		<Name>GeneXus.Common.AnalyticsPurchase</Name>
		<Errors />
		<Warnings />
		<Info />
	</RowImport>
	<RowImport>
		<Status>Ok</Status>
		<Type>447527b5-9210-4523-898b-5dccb17be60a</Type>
		<TypeName>SDT</TypeName>
		<Name>GeneXus.Common.LocationInfo</Name>
		<Errors />
		<Warnings />
		<Info />
	</RowImport>
	<RowImport>
		<Status>Ok</Status>
		<Type>447527b5-9210-4523-898b-5dccb17be60a</Type>
		<TypeName>SDT</TypeName>
		<Name>GeneXus.Common.LocationProximityAlert</Name>
		<Errors />
		<Warnings />
		<Info />
	</RowImport>
	<RowImport>
		<Status>Ok</Status>
		<Type>447527b5-9210-4523-898b-5dccb17be60a</Type>
		<TypeName>SDT</TypeName>
		<Name>GeneXus.Common.LocationPickerParameters</Name>
		<Errors />
		<Warnings />
		<Info />
	</RowImport>
	<RowImport>
		<Status>Ok</Status>
		<Type>447527b5-9210-4523-898b-5dccb17be60a</Type>
		<TypeName>SDT</TypeName>
		<Name>GeneXus.Common.Directions</Name>
		<Errors />
		<Warnings />
		<Info />
	</RowImport>
	<RowImport>
		<Status>Ok</Status>
		<Type>447527b5-9210-4523-898b-5dccb17be60a</Type>
		<TypeName>SDT</TypeName>
		<Name>GeneXus.Common.TrackingParameters</Name>
		<Errors />
		<Warnings />
		<Info />
	</RowImport>
	<RowImport>
		<Status>Ok</Status>
		<Type>447527b5-9210-4523-898b-5dccb17be60a</Type>
		<TypeName>SDT</TypeName>
		<Name>GeneXus.Common.GridState</Name>
		<Errors />
		<Warnings />
		<Info />
	</RowImport>
	<RowImport>
		<Status>Ok</Status>
		<Type>447527b5-9210-4523-898b-5dccb17be60a</Type>
		<TypeName>SDT</TypeName>
		<Name>GeneXus.Social.FacebookAccessToken</Name>
		<Errors />
		<Warnings />
		<Info />
	</RowImport>
	<RowImport>
		<Status>Ok</Status>
		<Type>447527b5-9210-4523-898b-5dccb17be60a</Type>
		<TypeName>SDT</TypeName>
		<Name>GeneXus.Server.NotificationInfo</Name>
		<Errors />
		<Warnings />
		<Info />
	</RowImport>
	<RowImport>
		<Status>Ok</Status>
		<Type>447527b5-9210-4523-898b-5dccb17be60a</Type>
		<TypeName>SDT</TypeName>
		<Name>GeneXus.SD.Synchronization.SynchronizationInfo</Name>
		<Errors />
		<Warnings />
		<Info />
	</RowImport>
	<RowImport>
		<Status>Ok</Status>
		<Type>447527b5-9210-4523-898b-5dccb17be60a</Type>
		<TypeName>SDT</TypeName>
		<Name>GeneXus.SD.Synchronization.SynchronizationEventList</Name>
		<Errors />
		<Warnings />
		<Info />
	</RowImport>
	<RowImport>
		<Status>Ok</Status>
		<Type>447527b5-9210-4523-898b-5dccb17be60a</Type>
		<TypeName>SDT</TypeName>
		<Name>GeneXus.SD.Synchronization.SynchronizationEventResultList</Name>
		<Errors />
		<Warnings />
		<Info />
	</RowImport>
	<RowImport>
		<Status>Ok</Status>
		<Type>447527b5-9210-4523-898b-5dccb17be60a</Type>
		<TypeName>SDT</TypeName>
		<Name>GeneXus.SD.Store.StorePurchase</Name>
		<Errors />
		<Warnings />
		<Info />
	</RowImport>
	<RowImport>
		<Status>Ok</Status>
		<Type>447527b5-9210-4523-898b-5dccb17be60a</Type>
		<TypeName>SDT</TypeName>
		<Name>GeneXus.SD.Store.StoreValidationConfig</Name>
		<Errors />
		<Warnings />
		<Info />
	</RowImport>
	<RowImport>
		<Status>Ok</Status>
		<Type>447527b5-9210-4523-898b-5dccb17be60a</Type>
		<TypeName>SDT</TypeName>
		<Name>GeneXus.SD.Store.PurchaseReceiptInformation</Name>
		<Errors />
		<Warnings />
		<Info />
	</RowImport>
	<RowImport>
		<Status>Ok</Status>
		<Type>447527b5-9210-4523-898b-5dccb17be60a</Type>
		<TypeName>SDT</TypeName>
		<Name>GeneXus.SD.Store.PurchaseResult</Name>
		<Errors />
		<Warnings />
		<Info />
	</RowImport>
	<RowImport>
		<Status>Ok</Status>
		<Type>447527b5-9210-4523-898b-5dccb17be60a</Type>
		<TypeName>SDT</TypeName>
		<Name>GeneXus.SD.Store.StoreProduct</Name>
		<Errors />
		<Warnings />
		<Info />
	</RowImport>
	<RowImport>
		<Status>Ok</Status>
		<Type>447527b5-9210-4523-898b-5dccb17be60a</Type>
		<TypeName>SDT</TypeName>
		<Name>GeneXus.SD.Store.PurchasesInformation</Name>
		<Errors />
		<Warnings />
		<Info />
	</RowImport>
	<RowImport>
		<Status>Ok</Status>
		<Type>447527b5-9210-4523-898b-5dccb17be60a</Type>
		<TypeName>SDT</TypeName>
		<Name>GeneXus.SD.Notifications.RemoteNotification</Name>
		<Errors />
		<Warnings />
		<Info />
	</RowImport>
	<RowImport>
		<Status>Ok</Status>
		<Type>447527b5-9210-4523-898b-5dccb17be60a</Type>
		<TypeName>SDT</TypeName>
		<Name>GeneXus.SD.Notifications.LocalNotificationsInfo</Name>
		<Errors />
		<Warnings />
		<Info />
	</RowImport>
	<RowImport>
		<Status>Ok</Status>
		<Type>447527b5-9210-4523-898b-5dccb17be60a</Type>
		<TypeName>SDT</TypeName>
		<Name>GeneXus.SD.Media.MediaItem</Name>
		<Errors />
		<Warnings />
		<Info />
	</RowImport>
	<RowImport>
		<Status>Ok</Status>
		<Type>447527b5-9210-4523-898b-5dccb17be60a</Type>
		<TypeName>SDT</TypeName>
		<Name>GeneXus.SD.Media.MediaQueue</Name>
		<Errors />
		<Warnings />
		<Info />
	</RowImport>
	<RowImport>
		<Status>Ok</Status>
		<Type>447527b5-9210-4523-898b-5dccb17be60a</Type>
		<TypeName>SDT</TypeName>
		<Name>GeneXus.SD.Media.MediaQueueState</Name>
		<Errors />
		<Warnings />
		<Info />
	</RowImport>
	<RowImport>
		<Status>Ok</Status>
		<Type>447527b5-9210-4523-898b-5dccb17be60a</Type>
		<TypeName>SDT</TypeName>
		<Name>GeneXus.SD.Media.MediaItemFinishedInfo</Name>
		<Errors />
		<Warnings />
		<Info />
	</RowImport>
	<RowImport>
		<Status>Ok</Status>
		<Type>447527b5-9210-4523-898b-5dccb17be60a</Type>
		<TypeName>SDT</TypeName>
		<Name>GeneXus.SD.Media.AudioPlayerSettings</Name>
		<Errors />
		<Warnings />
		<Info />
	</RowImport>
	<RowImport>
		<Status>Ok</Status>
		<Type>447527b5-9210-4523-898b-5dccb17be60a</Type>
		<TypeName>SDT</TypeName>
		<Name>GeneXus.SD.Media.AudioPlayerCustomAction</Name>
		<Errors />
		<Warnings />
		<Info />
	</RowImport>
	<RowImport>
		<Status>Ok</Status>
		<Type>447527b5-9210-4523-898b-5dccb17be60a</Type>
		<TypeName>SDT</TypeName>
		<Name>GeneXus.SD.Media.ImagesCollection</Name>
		<Errors />
		<Warnings />
		<Info />
	</RowImport>
	<RowImport>
		<Status>Ok</Status>
		<Type>447527b5-9210-4523-898b-5dccb17be60a</Type>
		<TypeName>SDT</TypeName>
		<Name>GeneXus.SD.Media.VideoConversionParameters</Name>
		<Errors />
		<Warnings />
		<Info />
	</RowImport>
	<RowImport>
		<Status>Ok</Status>
		<Type>447527b5-9210-4523-898b-5dccb17be60a</Type>
		<TypeName>SDT</TypeName>
		<Name>GeneXus.SD.LoginExternalAdditionalParameters</Name>
		<Errors />
		<Warnings />
		<Info />
	</RowImport>
	<RowImport>
		<Status>Ok</Status>
		<Type>447527b5-9210-4523-898b-5dccb17be60a</Type>
		<TypeName>SDT</TypeName>
		<Name>GeneXus.SD.ContactInfo</Name>
		<Errors />
		<Warnings />
		<Info />
	</RowImport>
	<RowImport>
		<Status>Ok</Status>
		<Type>447527b5-9210-4523-898b-5dccb17be60a</Type>
		<TypeName>SDT</TypeName>
		<Name>GeneXus.SD.ScannedBarcodes</Name>
		<Errors />
		<Warnings />
		<Info />
	</RowImport>
	<RowImport>
		<Status>Ok</Status>
		<Type>447527b5-9210-4523-898b-5dccb17be60a</Type>
		<TypeName>SDT</TypeName>
		<Name>GeneXus.SD.BeaconInfo</Name>
		<Errors />
		<Warnings />
		<Info />
	</RowImport>
	<RowImport>
		<Status>Ok</Status>
		<Type>447527b5-9210-4523-898b-5dccb17be60a</Type>
		<TypeName>SDT</TypeName>
		<Name>GeneXus.SD.BeaconProximityAlert</Name>
		<Errors />
		<Warnings />
		<Info />
	</RowImport>
	<RowImport>
		<Status>Ok</Status>
		<Type>447527b5-9210-4523-898b-5dccb17be60a</Type>
		<TypeName>SDT</TypeName>
		<Name>GeneXus.SD.BeaconRegion</Name>
		<Errors />
		<Warnings />
		<Info />
	</RowImport>
	<RowImport>
		<Status>Ok</Status>
		<Type>447527b5-9210-4523-898b-5dccb17be60a</Type>
		<TypeName>SDT</TypeName>
		<Name>GeneXus.SD.BeaconState</Name>
		<Errors />
		<Warnings />
		<Info />
	</RowImport>
	<RowImport>
		<Status>Ok</Status>
		<Type>447527b5-9210-4523-898b-5dccb17be60a</Type>
		<TypeName>SDT</TypeName>
		<Name>GeneXus.SD.SearchScope</Name>
		<Errors />
		<Warnings />
		<Info />
	</RowImport>
	<RowImport>
		<Status>Ok</Status>
		<Type>447527b5-9210-4523-898b-5dccb17be60a</Type>
		<TypeName>SDT</TypeName>
		<Name>GeneXus.SD.CardInformation</Name>
		<Errors />
		<Warnings />
		<Info />
	</RowImport>
	<RowImport>
		<Status>Ok</Status>
		<Type>447527b5-9210-4523-898b-5dccb17be60a</Type>
		<TypeName>SDT</TypeName>
		<Name>GeneXus.SD.MapGeographies</Name>
		<Errors />
		<Warnings />
		<Info />
	</RowImport>
	<RowImport>
		<Status>Ok</Status>
		<Type>447527b5-9210-4523-898b-5dccb17be60a</Type>
		<TypeName>SDT</TypeName>
		<Name>GeneXus.SD.MapRegion</Name>
		<Errors />
		<Warnings />
		<Info />
	</RowImport>
	<RowImport>
		<Status>Ok</Status>
		<Type>447527b5-9210-4523-898b-5dccb17be60a</Type>
		<TypeName>SDT</TypeName>
		<Name>GeneXus.OAuth.v2.OAuthAuthorizationConfig</Name>
		<Errors />
		<Warnings />
		<Info />
	</RowImport>
	<RowImport>
		<Status>Ok</Status>
		<Type>447527b5-9210-4523-898b-5dccb17be60a</Type>
		<TypeName>SDT</TypeName>
		<Name>GeneXus.OAuth.v2.Oauth20AccessTokenSDT</Name>
		<Errors />
		<Warnings />
		<Info />
	</RowImport>
	<RowImport>
		<Status>Ok</Status>
		<Type>c163e562-42c6-4158-ad83-5b21a14cf30e</Type>
		<TypeName>ExternalObject</TypeName>
		<Name>GeneXus.Common.Geolocation</Name>
		<Errors />
		<Warnings />
		<Info />
	</RowImport>
	<RowImport>
		<Status>Ok</Status>
		<Type>c163e562-42c6-4158-ad83-5b21a14cf30e</Type>
		<TypeName>ExternalObject</TypeName>
		<Name>GeneXus.Common.UI.Progress</Name>
		<Errors />
		<Warnings />
		<Info />
	</RowImport>
	<RowImport>
		<Status>Ok</Status>
		<Type>c163e562-42c6-4158-ad83-5b21a14cf30e</Type>
		<TypeName>ExternalObject</TypeName>
		<Name>GeneXus.Common.UI.Navigation</Name>
		<Errors />
		<Warnings />
		<Info />
	</RowImport>
	<RowImport>
		<Status>Ok</Status>
		<Type>c163e562-42c6-4158-ad83-5b21a14cf30e</Type>
		<TypeName>ExternalObject</TypeName>
		<Name>GeneXus.Common.UI.Appearance</Name>
		<Errors />
		<Warnings />
		<Info />
	</RowImport>
	<RowImport>
		<Status>Ok</Status>
		<Type>c163e562-42c6-4158-ad83-5b21a14cf30e</Type>
		<TypeName>ExternalObject</TypeName>
		<Name>GeneXus.Common.UI.DesignSystem</Name>
		<Errors />
		<Warnings />
		<Info />
	</RowImport>
	<RowImport>
		<Status>Ok</Status>
		<Type>c163e562-42c6-4158-ad83-5b21a14cf30e</Type>
		<TypeName>ExternalObject</TypeName>
		<Name>GeneXus.Common.Configuration.ConfigurationManager</Name>
		<Errors />
		<Warnings />
		<Info />
	</RowImport>
	<RowImport>
		<Status>Ok</Status>
		<Type>c163e562-42c6-4158-ad83-5b21a14cf30e</Type>
		<TypeName>ExternalObject</TypeName>
		<Name>GeneXus.Common.Configuration.ExternalStorage</Name>
		<Errors />
		<Warnings />
		<Info />
	</RowImport>
	<RowImport>
		<Status>Ok</Status>
		<Type>c163e562-42c6-4158-ad83-5b21a14cf30e</Type>
		<TypeName>ExternalObject</TypeName>
		<Name>GeneXus.Common.Clipboard</Name>
		<Errors />
		<Warnings />
		<Info />
	</RowImport>
	<RowImport>
		<Status>Ok</Status>
		<Type>c163e562-42c6-4158-ad83-5b21a14cf30e</Type>
		<TypeName>ExternalObject</TypeName>
		<Name>GeneXus.Common.Analytics</Name>
		<Errors />
		<Warnings />
		<Info />
	</RowImport>
	<RowImport>
		<Status>Ok</Status>
		<Type>c163e562-42c6-4158-ad83-5b21a14cf30e</Type>
		<TypeName>ExternalObject</TypeName>
		<Name>GeneXus.Common.Server</Name>
		<Errors />
		<Warnings />
		<Info />
	</RowImport>
	<RowImport>
		<Status>Ok</Status>
		<Type>c163e562-42c6-4158-ad83-5b21a14cf30e</Type>
		<TypeName>ExternalObject</TypeName>
		<Name>GeneXus.Common.Runtime</Name>
		<Errors />
		<Warnings />
		<Info />
	</RowImport>
	<RowImport>
		<Status>Ok</Status>
		<Type>c163e562-42c6-4158-ad83-5b21a14cf30e</Type>
		<TypeName>ExternalObject</TypeName>
		<Name>GeneXus.Common.Log</Name>
		<Errors />
		<Warnings />
		<Info />
	</RowImport>
	<RowImport>
		<Status>Ok</Status>
		<Type>c163e562-42c6-4158-ad83-5b21a14cf30e</Type>
		<TypeName>ExternalObject</TypeName>
		<Name>GeneXus.Common.Maps</Name>
		<Errors />
		<Warnings />
		<Info />
	</RowImport>
	<RowImport>
		<Status>Ok</Status>
		<Type>c163e562-42c6-4158-ad83-5b21a14cf30e</Type>
		<TypeName>ExternalObject</TypeName>
		<Name>GeneXus.Common.DynamicCallOld</Name>
		<Errors />
		<Warnings />
		<Info />
	</RowImport>
	<RowImport>
		<Status>Ok</Status>
		<Type>c163e562-42c6-4158-ad83-5b21a14cf30e</Type>
		<TypeName>ExternalObject</TypeName>
		<Name>GeneXus.Common.DynamicCall</Name>
		<Errors />
		<Warnings />
		<Info />
	</RowImport>
	<RowImport>
		<Status>Ok</Status>
		<Type>c163e562-42c6-4158-ad83-5b21a14cf30e</Type>
		<TypeName>ExternalObject</TypeName>
		<Name>GeneXus.Common.DynamicCallPropertiesJava</Name>
		<Errors />
		<Warnings />
		<Info />
	</RowImport>
	<RowImport>
		<Status>Ok</Status>
		<Type>c163e562-42c6-4158-ad83-5b21a14cf30e</Type>
		<TypeName>ExternalObject</TypeName>
		<Name>GeneXus.Common.DynamicCallPropertiesNet</Name>
		<Errors />
		<Warnings />
		<Info />
	</RowImport>
	<RowImport>
		<Status>Ok</Status>
		<Type>c163e562-42c6-4158-ad83-5b21a14cf30e</Type>
		<TypeName>ExternalObject</TypeName>
		<Name>GeneXus.Common.AnyObject</Name>
		<Errors />
		<Warnings />
		<Info />
	</RowImport>
	<RowImport>
		<Status>Ok</Status>
		<Type>c163e562-42c6-4158-ad83-5b21a14cf30e</Type>
		<TypeName>ExternalObject</TypeName>
		<Name>GeneXus.Common.DynamicCallMethodProperties</Name>
		<Errors />
		<Warnings />
		<Info />
	</RowImport>
	<RowImport>
		<Status>Ok</Status>
		<Type>c163e562-42c6-4158-ad83-5b21a14cf30e</Type>
		<TypeName>ExternalObject</TypeName>
		<Name>GeneXus.Client.ClientInformation</Name>
		<Errors />
		<Warnings />
		<Info />
	</RowImport>
	<RowImport>
		<Status>Ok</Status>
		<Type>c163e562-42c6-4158-ad83-5b21a14cf30e</Type>
		<TypeName>ExternalObject</TypeName>
		<Name>GeneXus.Client.ClientStorage</Name>
		<Errors />
		<Warnings />
		<Info />
	</RowImport>
	<RowImport>
		<Status>Ok</Status>
		<Type>c163e562-42c6-4158-ad83-5b21a14cf30e</Type>
		<TypeName>ExternalObject</TypeName>
		<Name>GeneXus.Client.Socket</Name>
		<Errors />
		<Warnings />
		<Info />
	</RowImport>
	<RowImport>
		<Status>Ok</Status>
		<Type>c163e562-42c6-4158-ad83-5b21a14cf30e</Type>
		<TypeName>ExternalObject</TypeName>
		<Name>GeneXus.Social.Facebook</Name>
		<Errors />
		<Warnings />
		<Info />
	</RowImport>
	<RowImport>
		<Status>Ok</Status>
		<Type>c163e562-42c6-4158-ad83-5b21a14cf30e</Type>
		<TypeName>ExternalObject</TypeName>
		<Name>GeneXus.Social.Twitter</Name>
		<Errors />
		<Warnings />
		<Info />
	</RowImport>
	<RowImport>
		<Status>Ok</Status>
		<Type>c163e562-42c6-4158-ad83-5b21a14cf30e</Type>
		<TypeName>ExternalObject</TypeName>
		<Name>GeneXus.Social.Share</Name>
		<Errors />
		<Warnings />
		<Info />
	</RowImport>
	<RowImport>
		<Status>Ok</Status>
		<Type>c163e562-42c6-4158-ad83-5b21a14cf30e</Type>
		<TypeName>ExternalObject</TypeName>
		<Name>GeneXus.Social.WeChat</Name>
		<Errors />
		<Warnings />
		<Info />
	</RowImport>
	<RowImport>
		<Status>Ok</Status>
		<Type>c163e562-42c6-4158-ad83-5b21a14cf30e</Type>
		<TypeName>ExternalObject</TypeName>
		<Name>GeneXus.Server.Socket</Name>
		<Errors />
		<Warnings />
		<Info />
	</RowImport>
	<RowImport>
		<Status>Ok</Status>
		<Type>c163e562-42c6-4158-ad83-5b21a14cf30e</Type>
		<TypeName>ExternalObject</TypeName>
		<Name>GeneXus.SD.Synchronization.SynchronizationEvents</Name>
		<Errors />
		<Warnings />
		<Info />
	</RowImport>
	<RowImport>
		<Status>Ok</Status>
		<Type>c163e562-42c6-4158-ad83-5b21a14cf30e</Type>
		<TypeName>ExternalObject</TypeName>
		<Name>GeneXus.SD.Synchronization.Synchronization</Name>
		<Errors />
		<Warnings />
		<Info />
	</RowImport>
	<RowImport>
		<Status>Ok</Status>
		<Type>c163e562-42c6-4158-ad83-5b21a14cf30e</Type>
		<TypeName>ExternalObject</TypeName>
		<Name>GeneXus.SD.iOS.Permissions</Name>
		<Errors />
		<Warnings />
		<Info />
	</RowImport>
	<RowImport>
		<Status>Ok</Status>
		<Type>c163e562-42c6-4158-ad83-5b21a14cf30e</Type>
		<TypeName>ExternalObject</TypeName>
		<Name>GeneXus.SD.Store.StoreManager</Name>
		<Errors />
		<Warnings />
		<Info />
	</RowImport>
	<RowImport>
		<Status>Ok</Status>
		<Type>c163e562-42c6-4158-ad83-5b21a14cf30e</Type>
		<TypeName>ExternalObject</TypeName>
		<Name>GeneXus.SD.Notifications.NotificationsConfiguration</Name>
		<Errors />
		<Warnings />
		<Info />
	</RowImport>
	<RowImport>
		<Status>Ok</Status>
		<Type>c163e562-42c6-4158-ad83-5b21a14cf30e</Type>
		<TypeName>ExternalObject</TypeName>
		<Name>GeneXus.SD.Notifications.RemoteNotificationResult</Name>
		<Errors />
		<Warnings />
		<Info />
	</RowImport>
	<RowImport>
		<Status>Ok</Status>
		<Type>c163e562-42c6-4158-ad83-5b21a14cf30e</Type>
		<TypeName>ExternalObject</TypeName>
		<Name>GeneXus.SD.Notifications.NotificationParameters</Name>
		<Errors />
		<Warnings />
		<Info />
	</RowImport>
	<RowImport>
		<Status>Ok</Status>
		<Type>c163e562-42c6-4158-ad83-5b21a14cf30e</Type>
		<TypeName>ExternalObject</TypeName>
		<Name>GeneXus.SD.Notifications.RemoteNotifications</Name>
		<Errors />
		<Warnings />
		<Info />
	</RowImport>
	<RowImport>
		<Status>Ok</Status>
		<Type>c163e562-42c6-4158-ad83-5b21a14cf30e</Type>
		<TypeName>ExternalObject</TypeName>
		<Name>GeneXus.SD.Notifications.LocalNotifications</Name>
		<Errors />
		<Warnings />
		<Info />
	</RowImport>
	<RowImport>
		<Status>Ok</Status>
		<Type>c163e562-42c6-4158-ad83-5b21a14cf30e</Type>
		<TypeName>ExternalObject</TypeName>
		<Name>GeneXus.SD.Media.Camera</Name>
		<Errors />
		<Warnings />
		<Info />
	</RowImport>
	<RowImport>
		<Status>Ok</Status>
		<Type>c163e562-42c6-4158-ad83-5b21a14cf30e</Type>
		<TypeName>ExternalObject</TypeName>
		<Name>GeneXus.SD.Media.PhotoLibrary</Name>
		<Errors />
		<Warnings />
		<Info />
	</RowImport>
	<RowImport>
		<Status>Ok</Status>
		<Type>c163e562-42c6-4158-ad83-5b21a14cf30e</Type>
		<TypeName>ExternalObject</TypeName>
		<Name>GeneXus.SD.Media.Audio</Name>
		<Errors />
		<Warnings />
		<Info />
	</RowImport>
	<RowImport>
		<Status>Ok</Status>
		<Type>c163e562-42c6-4158-ad83-5b21a14cf30e</Type>
		<TypeName>ExternalObject</TypeName>
		<Name>GeneXus.SD.Media.AudioRecorder</Name>
		<Errors />
		<Warnings />
		<Info />
	</RowImport>
	<RowImport>
		<Status>Ok</Status>
		<Type>c163e562-42c6-4158-ad83-5b21a14cf30e</Type>
		<TypeName>ExternalObject</TypeName>
		<Name>GeneXus.SD.Media.Files</Name>
		<Errors />
		<Warnings />
		<Info />
	</RowImport>
	<RowImport>
		<Status>Ok</Status>
		<Type>c163e562-42c6-4158-ad83-5b21a14cf30e</Type>
		<TypeName>ExternalObject</TypeName>
		<Name>GeneXus.SD.Media.VideoOperations</Name>
		<Errors />
		<Warnings />
		<Info />
	</RowImport>
	<RowImport>
		<Status>Ok</Status>
		<Type>c163e562-42c6-4158-ad83-5b21a14cf30e</Type>
		<TypeName>ExternalObject</TypeName>
		<Name>GeneXus.SD.Offline.DataBase</Name>
		<Errors />
		<Warnings />
		<Info />
	</RowImport>
	<RowImport>
		<Status>Ok</Status>
		<Type>c163e562-42c6-4158-ad83-5b21a14cf30e</Type>
		<TypeName>ExternalObject</TypeName>
		<Name>GeneXus.SD.Actions</Name>
		<Errors />
		<Warnings />
		<Info />
	</RowImport>
	<RowImport>
		<Status>Ok</Status>
		<Type>c163e562-42c6-4158-ad83-5b21a14cf30e</Type>
		<TypeName>ExternalObject</TypeName>
		<Name>GeneXus.SD.Contacts</Name>
		<Errors />
		<Warnings />
		<Info />
	</RowImport>
	<RowImport>
		<Status>Ok</Status>
		<Type>c163e562-42c6-4158-ad83-5b21a14cf30e</Type>
		<TypeName>ExternalObject</TypeName>
		<Name>GeneXus.SD.Calendar</Name>
		<Errors />
		<Warnings />
		<Info />
	</RowImport>
	<RowImport>
		<Status>Ok</Status>
		<Type>c163e562-42c6-4158-ad83-5b21a14cf30e</Type>
		<TypeName>ExternalObject</TypeName>
		<Name>GeneXus.SD.Interop</Name>
		<Errors />
		<Warnings />
		<Info />
	</RowImport>
	<RowImport>
		<Status>Ok</Status>
		<Type>c163e562-42c6-4158-ad83-5b21a14cf30e</Type>
		<TypeName>ExternalObject</TypeName>
		<Name>GeneXus.SD.Scanner</Name>
		<Errors />
		<Warnings />
		<Info />
	</RowImport>
	<RowImport>
		<Status>Ok</Status>
		<Type>c163e562-42c6-4158-ad83-5b21a14cf30e</Type>
		<TypeName>ExternalObject</TypeName>
		<Name>GeneXus.SD.Network</Name>
		<Errors />
		<Warnings />
		<Info />
	</RowImport>
	<RowImport>
		<Status>Ok</Status>
		<Type>c163e562-42c6-4158-ad83-5b21a14cf30e</Type>
		<TypeName>ExternalObject</TypeName>
		<Name>GeneXus.SD.Beacons</Name>
		<Errors />
		<Warnings />
		<Info />
	</RowImport>
	<RowImport>
		<Status>Ok</Status>
		<Type>c163e562-42c6-4158-ad83-5b21a14cf30e</Type>
		<TypeName>ExternalObject</TypeName>
		<Name>GeneXus.SD.Search</Name>
		<Errors />
		<Warnings />
		<Info />
	</RowImport>
	<RowImport>
		<Status>Ok</Status>
		<Type>c163e562-42c6-4158-ad83-5b21a14cf30e</Type>
		<TypeName>ExternalObject</TypeName>
		<Name>GeneXus.SD.DeepLink</Name>
		<Errors />
		<Warnings />
		<Info />
	</RowImport>
	<RowImport>
		<Status>Ok</Status>
		<Type>c163e562-42c6-4158-ad83-5b21a14cf30e</Type>
		<TypeName>ExternalObject</TypeName>
		<Name>GeneXus.SD.WebBrowser</Name>
		<Errors />
		<Warnings />
		<Info />
	</RowImport>
	<RowImport>
		<Status>Ok</Status>
		<Type>c163e562-42c6-4158-ad83-5b21a14cf30e</Type>
		<TypeName>ExternalObject</TypeName>
		<Name>GeneXus.SD.DeviceAuthentication</Name>
		<Errors />
		<Warnings />
		<Info />
	</RowImport>
	<RowImport>
		<Status>Ok</Status>
		<Type>c163e562-42c6-4158-ad83-5b21a14cf30e</Type>
		<TypeName>ExternalObject</TypeName>
		<Name>GeneXus.SD.AppLifecycle</Name>
		<Errors />
		<Warnings />
		<Info />
	</RowImport>
	<RowImport>
		<Status>Ok</Status>
		<Type>c163e562-42c6-4158-ad83-5b21a14cf30e</Type>
		<TypeName>ExternalObject</TypeName>
		<Name>GeneXus.SD.CardScanner</Name>
		<Errors />
		<Warnings />
		<Info />
	</RowImport>
	<RowImport>
		<Status>Ok</Status>
		<Type>c163e562-42c6-4158-ad83-5b21a14cf30e</Type>
		<TypeName>ExternalObject</TypeName>
		<Name>GeneXus.SD.Printer</Name>
		<Errors />
		<Warnings />
		<Info />
	</RowImport>
	<RowImport>
		<Status>Ok</Status>
		<Type>c163e562-42c6-4158-ad83-5b21a14cf30e</Type>
		<TypeName>ExternalObject</TypeName>
		<Name>GeneXus.SD.ARPreview</Name>
		<Errors />
		<Warnings />
		<Info />
	</RowImport>
	<RowImport>
		<Status>Ok</Status>
		<Type>c163e562-42c6-4158-ad83-5b21a14cf30e</Type>
		<TypeName>ExternalObject</TypeName>
		<Name>GeneXus.SD.Ads</Name>
		<Errors />
		<Warnings />
		<Info />
	</RowImport>
	<RowImport>
		<Status>Ok</Status>
		<Type>c163e562-42c6-4158-ad83-5b21a14cf30e</Type>
		<TypeName>ExternalObject</TypeName>
		<Name>GeneXus.SD.MapsOffline</Name>
		<Errors />
		<Warnings />
		<Info />
	</RowImport>
	<RowImport>
		<Status>Ok</Status>
		<Type>c163e562-42c6-4158-ad83-5b21a14cf30e</Type>
		<TypeName>ExternalObject</TypeName>
		<Name>GeneXus.SD.RemoteConfig</Name>
		<Errors />
		<Warnings />
		<Info />
	</RowImport>
	<RowImport>
		<Status>Ok</Status>
		<Type>c163e562-42c6-4158-ad83-5b21a14cf30e</Type>
		<TypeName>ExternalObject</TypeName>
		<Name>GeneXus.SD.Permissions</Name>
		<Errors />
		<Warnings />
		<Info />
	</RowImport>
	<RowImport>
		<Status>Ok</Status>
		<Type>84a12160-f59b-4ad7-a683-ea4481ac23e9</Type>
		<TypeName>Procedure</TypeName>
		<Name>GeneXus.Common.GoogleDirectionsServiceRequest</Name>
		<Errors />
		<Warnings />
		<Info />
	</RowImport>
	<RowImport>
		<Status>Ok</Status>
		<Type>84a12160-f59b-4ad7-a683-ea4481ac23e9</Type>
		<TypeName>Procedure</TypeName>
		<Name>GeneXus.Common.Notifications.AddDeviceGroups</Name>
		<Errors />
		<Warnings />
		<Info />
	</RowImport>
	<RowImport>
		<Status>Ok</Status>
		<Type>84a12160-f59b-4ad7-a683-ea4481ac23e9</Type>
		<TypeName>Procedure</TypeName>
		<Name>GeneXus.Common.Notifications.AddDeviceTargetFilter</Name>
		<Errors />
		<Warnings />
		<Info />
	</RowImport>
	<RowImport>
		<Status>Ok</Status>
		<Type>84a12160-f59b-4ad7-a683-ea4481ac23e9</Type>
		<TypeName>Procedure</TypeName>
		<Name>GeneXus.Common.Notifications.RemoveDeviceTargetFilter</Name>
		<Errors />
		<Warnings />
		<Info />
	</RowImport>
	<RowImport>
		<Status>Ok</Status>
		<Type>84a12160-f59b-4ad7-a683-ea4481ac23e9</Type>
		<TypeName>Procedure</TypeName>
		<Name>GeneXus.Common.Notifications.RemoveDeviceGroups</Name>
		<Errors />
		<Warnings />
		<Info />
	</RowImport>
	<RowImport>
		<Status>Ok</Status>
		<Type>84a12160-f59b-4ad7-a683-ea4481ac23e9</Type>
		<TypeName>Procedure</TypeName>
		<Name>GeneXus.Common.Notifications.SendNotification</Name>
		<Errors />
		<Warnings />
		<Info />
	</RowImport>
	<RowImport>
		<Status>Ok</Status>
		<Type>84a12160-f59b-4ad7-a683-ea4481ac23e9</Type>
		<TypeName>Procedure</TypeName>
		<Name>GeneXus.Common.Notifications.SendEvent</Name>
		<Errors />
		<Warnings />
		<Info />
	</RowImport>
	<RowImport>
		<Status>Ok</Status>
		<Type>84a12160-f59b-4ad7-a683-ea4481ac23e9</Type>
		<TypeName>Procedure</TypeName>
		<Name>GeneXus.Common.Notifications.SendNotificationTargets</Name>
		<Errors />
		<Warnings />
		<Info />
	</RowImport>
	<RowImport>
		<Status>Ok</Status>
		<Type>84a12160-f59b-4ad7-a683-ea4481ac23e9</Type>
		<TypeName>Procedure</TypeName>
		<Name>GeneXus.Common.Notifications.SendEventTargets</Name>
		<Errors />
		<Warnings />
		<Info />
	</RowImport>
	<RowImport>
		<Status>Ok</Status>
		<Type>84a12160-f59b-4ad7-a683-ea4481ac23e9</Type>
		<TypeName>Procedure</TypeName>
		<Name>GeneXus.Common.Notifications.SetDeviceTargetMultipleFilters</Name>
		<Errors />
		<Warnings />
		<Info />
	</RowImport>
	<RowImport>
		<Status>Ok</Status>
		<Type>84a12160-f59b-4ad7-a683-ea4481ac23e9</Type>
		<TypeName>Procedure</TypeName>
		<Name>GeneXus.SD.Synchronization.OfflineEventReplicator</Name>
		<Errors />
		<Warnings />
		<Info />
	</RowImport>
	<RowImport>
		<Status>Ok</Status>
		<Type>84a12160-f59b-4ad7-a683-ea4481ac23e9</Type>
		<TypeName>Procedure</TypeName>
		<Name>GeneXus.OAuth.v2.RefreshToken</Name>
		<Errors />
		<Warnings />
		<Info />
	</RowImport>
	<RowImport>
		<Status>Ok</Status>
		<Type>c88fffcd-b6f8-0000-8fec-00b5497e2117</Type>
		<TypeName>Module</TypeName>
		<Name>GeneXus</Name>
		<Errors />
		<Warnings />
		<Info />
	</RowImport>
	<RowImport>
		<Status>Ok</Status>
		<Type>447527b5-9210-4523-898b-5dccb17be60a</Type>
		<TypeName>SDT</TypeName>
		<Name>GeneXus.Common.DEPRECATED_70130993df57403391b42f0c64b87aed_AnalyticsKeyValue</Name>
		<Errors />
		<Warnings />
		<Info />
	</RowImport>
	<RowImport>
		<Status>Ok</Status>
		<Type>00972a17-9975-449e-aab1-d26165d51393</Type>
		<TypeName>Domain</TypeName>
		<Name>GeneXus.SD.DEPRECATED_19927d88d5ed4131ab2b6742db69fe42_MobileSettingsOptions</Name>
		<Errors />
		<Warnings />
		<Info />
	</RowImport>
	<RowImport>
		<Status>Ok</Status>
		<Type>00972a17-9975-449e-aab1-d26165d51393</Type>
		<TypeName>Domain</TypeName>
		<Name>GeneXus.SD.DEPRECATED_9a34fce7f2244d9b9c85fe0189e26725_MobileSettings</Name>
		<Errors />
		<Warnings />
		<Info />
	</RowImport>
</ImportLog>